Copyright 1986-2022 Xilinx, Inc. All Rights Reserved. Copyright 2022-2026 Advanced Micro Devices, Inc. All Rights Reserved.
---------------------------------------------------------------------------------------------------------------------------------------------
| Tool Version : Vivado v.2026.1 (win64) Build 6511674 Tue Jun 16 11:02:23 MDT 2026
| Date         : Mon Sep 28 13:18:28 2026
| Host         : BOOK-SF3MGKKSOK running 64-bit major release  (build 9200)
| Command      : report_control_sets -verbose -file lab3_character_lcd_control_sets_placed.rpt
| Design       : lab3_character_lcd
| Device       : xc7s75
---------------------------------------------------------------------------------------------------------------------------------------------

Control Set Information

Table of Contents
-----------------
1. Summary
2. Histogram
3. Flip-Flop Distribution
4. Detailed Control Set Information

1. Summary
----------

+----------------------------------------------------------+-------+
|                          Status                          | Count |
+----------------------------------------------------------+-------+
| Total control sets                                       |     6 |
|    Minimum number of control sets                        |     6 |
|    Addition due to synthesis replication                 |     0 |
|    Addition due to physical synthesis replication        |     0 |
| Unused register locations in slices containing registers |    19 |
+----------------------------------------------------------+-------+
* Control sets can be merged at opt_design using control_set_merge or merge_equivalent_drivers
** Run report_qor_suggestions for automated merging and remapping suggestions


2. Histogram
------------

+--------------------+-------+
|       Fanout       | Count |
+--------------------+-------+
| Total control sets |     6 |
| >= 0 to < 4        |     1 |
| >= 4 to < 6        |     0 |
| >= 6 to < 8        |     1 |
| >= 8 to < 10       |     1 |
| >= 10 to < 12      |     0 |
| >= 12 to < 14      |     1 |
| >= 14 to < 16      |     0 |
| >= 16              |     2 |
+--------------------+-------+
* Control sets can be remapped at either synth_design or opt_design


3. Flip-Flop Distribution
-------------------------

+--------------+-----------------------+------------------------+-----------------+--------------+
| Clock Enable | Synchronous Set/Reset | Asynchronous Set/Reset | Total Registers | Total Slices |
+--------------+-----------------------+------------------------+-----------------+--------------+
| No           | No                    | No                     |               0 |            0 |
| No           | No                    | Yes                    |              13 |            4 |
| No           | Yes                   | No                     |               0 |            0 |
| Yes          | No                    | No                     |               0 |            0 |
| Yes          | No                    | Yes                    |              80 |           20 |
| Yes          | Yes                   | No                     |               0 |            0 |
+--------------+-----------------------+------------------------+-----------------+--------------+


4. Detailed Control Set Information
-----------------------------------

+----------------------+------------------------+------------------+------------------+----------------+--------------+
|     Clock Signal     |      Enable Signal     | Set/Reset Signal | Slice Load Count | Bel Load Count | Bels / Slice |
+----------------------+------------------------+------------------+------------------+----------------+--------------+
|  clk_50mhz_IBUF_BUFG | lcd_e3_out             | rst_p_IBUF       |                1 |              1 |         1.00 |
|  clk_50mhz_IBUF_BUFG | index[5]_i_1_n_0       | rst_p_IBUF       |                2 |              6 |         3.00 |
|  clk_50mhz_IBUF_BUFG | lcd_rs_i_1_n_0         | rst_p_IBUF       |                4 |              9 |         2.25 |
|  clk_50mhz_IBUF_BUFG |                        | rst_p_IBUF       |                4 |             13 |         3.25 |
|  clk_50mhz_IBUF_BUFG | power_count[0]_i_1_n_0 | rst_p_IBUF       |                8 |             32 |         4.00 |
|  clk_50mhz_IBUF_BUFG | wait_count[31]_i_1_n_0 | rst_p_IBUF       |                5 |             32 |         6.40 |
+----------------------+------------------------+------------------+------------------+----------------+--------------+


