Copyright 1986-2022 Xilinx, Inc. All Rights Reserved. Copyright 2022-2026 Advanced Micro Devices, Inc. All Rights Reserved.
--------------------------------------------------------------------------------------------------------------------------------------------------------------------------------------------
| Tool Version : Vivado v.2026.1 (win64) Build 6511674 Tue Jun 16 11:02:23 MDT 2026
| Date         : Mon Sep 28 13:19:15 2026
| Host         : BOOK-SF3MGKKSOK running 64-bit major release  (build 9200)
| Command      : report_methodology -file lab3_character_lcd_methodology_drc_routed.rpt -pb lab3_character_lcd_methodology_drc_routed.pb -rpx lab3_character_lcd_methodology_drc_routed.rpx
| Design       : lab3_character_lcd
| Device       : xc7s75fgga484-1
| Speed File   : -1
| Design State : Fully Routed
--------------------------------------------------------------------------------------------------------------------------------------------------------------------------------------------

Report Methodology

Table of Contents
-----------------
1. REPORT SUMMARY
2. REPORT DETAILS

1. REPORT SUMMARY
-----------------
            Netlist: netlist
          Floorplan: design_1
      Design limits: <entire design considered>
             Max checks: <unlimited>
             Checks found: 10
+-----------+----------+-------------------------------+--------+
| Rule      | Severity | Description                   | Checks |
+-----------+----------+-------------------------------+--------+
| TIMING-18 | Warning  | Missing input or output delay | 10     |
+-----------+----------+-------------------------------+--------+

2. REPORT DETAILS
-----------------
TIMING-18#1 Warning
Missing input or output delay  
An output delay is missing on lcd_data[0] relative to the rising and/or falling clock edge(s) of clk_50mhz.
Related violations: <none>

TIMING-18#2 Warning
Missing input or output delay  
An output delay is missing on lcd_data[1] relative to the rising and/or falling clock edge(s) of clk_50mhz.
Related violations: <none>

TIMING-18#3 Warning
Missing input or output delay  
An output delay is missing on lcd_data[2] relative to the rising and/or falling clock edge(s) of clk_50mhz.
Related violations: <none>

TIMING-18#4 Warning
Missing input or output delay  
An output delay is missing on lcd_data[3] relative to the rising and/or falling clock edge(s) of clk_50mhz.
Related violations: <none>

TIMING-18#5 Warning
Missing input or output delay  
An output delay is missing on lcd_data[4] relative to the rising and/or falling clock edge(s) of clk_50mhz.
Related violations: <none>

TIMING-18#6 Warning
Missing input or output delay  
An output delay is missing on lcd_data[5] relative to the rising and/or falling clock edge(s) of clk_50mhz.
Related violations: <none>

TIMING-18#7 Warning
Missing input or output delay  
An output delay is missing on lcd_data[6] relative to the rising and/or falling clock edge(s) of clk_50mhz.
Related violations: <none>

TIMING-18#8 Warning
Missing input or output delay  
An output delay is missing on lcd_data[7] relative to the rising and/or falling clock edge(s) of clk_50mhz.
Related violations: <none>

TIMING-18#9 Warning
Missing input or output delay  
An output delay is missing on lcd_e relative to the rising and/or falling clock edge(s) of clk_50mhz.
Related violations: <none>

TIMING-18#10 Warning
Missing input or output delay  
An output delay is missing on lcd_rs relative to the rising and/or falling clock edge(s) of clk_50mhz.
Related violations: <none>


